🚀 OpsPilot Autonomous Build Loop v3 (Cloudflare)
📁 Project: /home/eratner/opspilot
🌐 Target: smb.cafecito-ai.com
🔄 Max iterations: 50 (48 build units)
🛑 To stop: touch STOP or Ctrl+C

Starting in 5 seconds...

══════════════════════════════════════════════════════
🔄 SESSION 1 / 50 — 2026-02-19 19:44:10
══════════════════════════════════════════════════════
Error: Reached max turns (100)
📈 Progress: 1 / 48 units

══════════════════════════════════════════════════════
🔄 SESSION 2 / 50 — 2026-02-19 19:55:05
══════════════════════════════════════════════════════
Error: Reached max turns (100)
📈 Progress: 11 / 48 units

══════════════════════════════════════════════════════
🔄 SESSION 3 / 50 — 2026-02-19 20:07:08
══════════════════════════════════════════════════════
Error: Reached max turns (100)
📈 Progress: 19 / 48 units

══════════════════════════════════════════════════════
🔄 SESSION 4 / 50 — 2026-02-19 20:23:23
══════════════════════════════════════════════════════
Error: Reached max turns (100)
📈 Progress: 26 / 48 units

══════════════════════════════════════════════════════
🔄 SESSION 5 / 50 — 2026-02-19 20:34:43
══════════════════════════════════════════════════════
Error: Reached max turns (100)
📈 Progress: 31 / 48 units

══════════════════════════════════════════════════════
🔄 SESSION 6 / 50 — 2026-02-19 20:46:57
══════════════════════════════════════════════════════
Error: Reached max turns (100)
📈 Progress: 38 / 48 units

══════════════════════════════════════════════════════
🔄 SESSION 7 / 50 — 2026-02-19 20:59:11
══════════════════════════════════════════════════════
